F:\fastapi>pip install virtualenv
Collecting virtualenv
  Downloading virtualenv-20.29.3-py3-none-any.whl.metadata (4.5 kB)
Collecting distlib<1,>=0.3.7 (from virtualenv)
  Downloading distlib-0.3.9-py2.py3-none-any.whl.metadata (5.2 kB)
Collecting filelock<4,>=3.12.2 (from virtualenv)
  Downloading filelock-3.18.0-py3-none-any.whl.metadata (2.9 kB)
Collecting platformdirs<5,>=3.9.1 (from virtualenv)
  Downloading platformdirs-4.3.7-py3-none-any.whl.metadata (11 kB)
Downloading virtualenv-20.29.3-py3-none-any.whl (4.3 MB)
   ---------------------------------------- 4.3/4.3 MB 15.3 MB/s eta 0:00:00
Downloading distlib-0.3.9-py2.py3-none-any.whl (468 kB)
   ---------------------------------------- 469.0/469.0 kB 9.8 MB/s eta 0:00:00
Downloading filelock-3.18.0-py3-none-any.whl (16 kB)
Downloading platformdirs-4.3.7-py3-none-any.whl (18 kB)
Installing collected packages: distlib, platformdirs, filelock, virtualenv
Successfully installed distlib-0.3.9 filelock-3.18.0 platformdirs-4.3.7 virtualenv-20.29.3

[notice] A new release of pip is available: 24.0 -> 25.0.1
[notice] To update, run: python.exe -m pip install --upgrade pip

F:\fastapi>python.exe -m pip install --upgrade pip
Requirement already satisfied: pip in c:\users\lenovo\appdata\local\programs\python\python310\lib\site-packages (24.0)
Collecting pip
  Downloading pip-25.0.1-py3-none-any.whl.metadata (3.7 kB)
Downloading pip-25.0.1-py3-none-any.whl (1.8 MB)
   ---------------------------------------- 1.8/1.8 MB 13.0 MB/s eta 0:00:00
Installing collected packages: pip
  Attempting uninstall: pip
    Found existing installation: pip 24.0
    Uninstalling pip-24.0:
      Successfully uninstalled pip-24.0
Successfully installed pip-25.0.1

F:\fastapi>pip install virtualenv
Requirement already satisfied: virtualenv in c:\users\lenovo\appdata\local\programs\python\python310\lib\site-packages (20.29.3)
Requirement already satisfied: distlib<1,>=0.3.7 in c:\users\lenovo\appdata\local\programs\python\python310\lib\site-packages (from virtualenv) (0.3.9)
Requirement already satisfied: filelock<4,>=3.12.2 in c:\users\lenovo\appdata\local\programs\python\python310\lib\site-packages (from virtualenv) (3.18.0)
Requirement already satisfied: platformdirs<5,>=3.9.1 in c:\users\lenovo\appdata\local\programs\python\python310\lib\site-packages (from virtualenv) (4.3.7)

F:\fastapi>virtualenv env
created virtual environment CPython3.10.2.final.0-64 in 14161ms
  creator CPython3Windows(dest=F:\fastapi\env, clear=False, no_vcs_ignore=False, global=False)
  seeder FromAppData(download=False, pip=bundle, setuptools=bundle, wheel=bundle, via=copy, app_data_dir=C:\Users\lenovo\AppData\Local\pypa\virtualenv)
    added seed packages: pip==25.0.1, setuptools==75.8.0, wheel==0.45.1
  activators BashActivator,BatchActivator,FishActivator,NushellActivator,PowerShellActivator,PythonActivator

F:\fastapi>cd env

F:\fastapi\env>cd Scripts

F:\fastapi\env\Scripts>activate

(env) F:\fastapi\env\Scripts>pip install fastapi
Collecting fastapi
  Downloading fastapi-0.115.12-py3-none-any.whl.metadata (27 kB)
Collecting starlette<0.47.0,>=0.40.0 (from fastapi)
  Downloading starlette-0.46.1-py3-none-any.whl.metadata (6.2 kB)
Collecting pydantic!=1.8,!=1.8.1,!=2.0.0,!=2.0.1,!=2.1.0,<3.0.0,>=1.7.4 (from fastapi)
  Downloading pydantic-2.10.6-py3-none-any.whl.metadata (30 kB)
Collecting typing-extensions>=4.8.0 (from fastapi)
  Downloading typing_extensions-4.13.0-py3-none-any.whl.metadata (3.0 kB)
Collecting annotated-types>=0.6.0 (from pydantic!=1.8,!=1.8.1,!=2.0.0,!=2.0.1,!=2.1.0,<3.0.0,>=1.7.4->fastapi)
  Using cached annotated_types-0.7.0-py3-none-any.whl.metadata (15 kB)
Collecting pydantic-core==2.27.2 (from pydantic!=1.8,!=1.8.1,!=2.0.0,!=2.0.1,!=2.1.0,<3.0.0,>=1.7.4->fastapi)
  Downloading pydantic_core-2.27.2-cp310-cp310-win_amd64.whl.metadata (6.7 kB)
Collecting anyio<5,>=3.6.2 (from starlette<0.47.0,>=0.40.0->fastapi)
  Downloading anyio-4.9.0-py3-none-any.whl.metadata (4.7 kB)
Collecting exceptiongroup>=1.0.2 (from anyio<5,>=3.6.2->starlette<0.47.0,>=0.40.0->fastapi)
  Downloading exceptiongroup-1.2.2-py3-none-any.whl.metadata (6.6 kB)
Collecting idna>=2.8 (from anyio<5,>=3.6.2->starlette<0.47.0,>=0.40.0->fastapi)
  Downloading idna-3.10-py3-none-any.whl.metadata (10 kB)
Collecting sniffio>=1.1 (from anyio<5,>=3.6.2->starlette<0.47.0,>=0.40.0->fastapi)
  Downloading sniffio-1.3.1-py3-none-any.whl.metadata (3.9 kB)
Downloading fastapi-0.115.12-py3-none-any.whl (95 kB)
Downloading pydantic-2.10.6-py3-none-any.whl (431 kB)
Downloading pydantic_core-2.27.2-cp310-cp310-win_amd64.whl (2.0 MB)
   ---------------------------------------- 2.0/2.0 MB 22.1 MB/s eta 0:00:00
Downloading starlette-0.46.1-py3-none-any.whl (71 kB)
Downloading typing_extensions-4.13.0-py3-none-any.whl (45 kB)
Using cached annotated_types-0.7.0-py3-none-any.whl (13 kB)
Downloading anyio-4.9.0-py3-none-any.whl (100 kB)
Downloading exceptiongroup-1.2.2-py3-none-any.whl (16 kB)
Downloading idna-3.10-py3-none-any.whl (70 kB)
Downloading sniffio-1.3.1-py3-none-any.whl (10 kB)
Installing collected packages: typing-extensions, sniffio, idna, exceptiongroup, annotated-types, pydantic-core, anyio, starlette, pydantic, fastapi
Successfully installed annotated-types-0.7.0 anyio-4.9.0 exceptiongroup-1.2.2 fastapi-0.115.12 idna-3.10 pydantic-2.10.6 pydantic-core-2.27.2 sniffio-1.3.1 starlette-0.46.1 typing-extensions-4.13.0

(env) F:\fastapi\env\Scripts>pip insatll uvicorn
ERROR: unknown command "insatll" - maybe you meant "install"

(env) F:\fastapi\env\Scripts>pip install uvicorn
Collecting uvicorn
  Downloading uvicorn-0.34.0-py3-none-any.whl.metadata (6.5 kB)
Collecting click>=7.0 (from uvicorn)
  Downloading click-8.1.8-py3-none-any.whl.metadata (2.3 kB)
Collecting h11>=0.8 (from uvicorn)
  Downloading h11-0.14.0-py3-none-any.whl.metadata (8.2 kB)
Requirement already satisfied: typing-extensions>=4.0 in f:\fastapi\env\lib\site-packages (from uvicorn) (4.13.0)
Collecting colorama (from click>=7.0->uvicorn)
  Using cached colorama-0.4.6-py2.py3-none-any.whl.metadata (17 kB)
Downloading uvicorn-0.34.0-py3-none-any.whl (62 kB)
Downloading click-8.1.8-py3-none-any.whl (98 kB)
Downloading h11-0.14.0-py3-none-any.whl (58 kB)
Using cached colorama-0.4.6-py2.py3-none-any.whl (25 kB)
Installing collected packages: h11, colorama, click, uvicorn
Successfully installed click-8.1.8 colorama-0.4.6 h11-0.14.0 uvicorn-0.34.0

(env) F:\fastapi\env\Scripts>python3

(env) F:\fastapi\env\Scripts>python
Python 3.10.2 (tags/v3.10.2:a58ebcc, Jan 17 2022, 14:12:15) [MSC v.1929 64 bit (AMD64)] on win32
Type "help", "copyright", "credits" or "license" for more information.
>>> exit
Use exit() or Ctrl-Z plus Return to exit
>>> exit()

(env) F:\fastapi\env\Scripts>